// Jest Snapshot v1, https://goo.gl/fbAQLP

exports[`Dashboard renders correctly 1`] = `
<div
  css={
    Object {
      "map": undefined,
      "name": "12xy27n",
      "next": undefined,
      "styles": "
          display:flex;
          flex-direction:column;
          height:100%;
          min-height:100vh;
        ",
    }
  }
>
  <div
    css={
      Object {
        "map": undefined,
        "name": "73vj80",
        "next": undefined,
        "styles": "
            flex:1;
            header {
              border-bottom: solid 1px;
              padding: 3.24rem;
            }
            main {
              padding: 3.24rem;
            }
          ",
      }
    }
  >
    <header>
      <h1>
        gatsby-starter by David Sabine
      </h1>
    </header>
    <div
      css={
        Object {
          "map": undefined,
          "name": "tnyl6e",
          "next": undefined,
          "styles": "
              @media all and (min-width: 768px) {
                display:flex;
              }
            ",
        }
      }
    >
      <div
        className="nav"
        css={
          Object {
            "map": undefined,
            "name": "18nngpj",
            "next": undefined,
            "styles": "
                border-left: solid 1px;
                order:2;
                padding: 3.24rem;
                nav {
                  list-style:none;
                }
              ",
          }
        }
      >
        <section>
          <h2>
            Contents
          </h2>
          <nav>
            <li>
              <a
                href="/"
              >
                Home
              </a>
            </li>
            <li>
              <a
                href="/404/"
              >
                Custom 404 Error
              </a>
            </li>
            <li>
              <a
                href="/dashboard/"
              >
                Client-Only Path
              </a>
            </li>
          </nav>
        </section>
      </div>
      <header>
        <h1>
          Dashboard
        </h1>
      </header>
      <ul>
        <li>
          <a
            href="/dashboard/"
            onClick={[Function]}
            onMouseEnter={[Function]}
          >
            Client-Only Path
          </a>
          <ul>
            <li>
              <a
                href="/dashboard/login"
                onClick={[Function]}
                onMouseEnter={[Function]}
              >
                Login
              </a>
              : just a placeholder component
            </li>
            <li>
              <a
                href="/dashboard/profile"
                onClick={[Function]}
                onMouseEnter={[Function]}
              >
                Profile
              </a>
              : just a placeholder component
            </li>
          </ul>
        </li>
      </ul>
      <main />
    </div>
  </div>
  <footer
    dangerouslySetInnerHTML={
      Object {
        "__html": "
		<a rel=\\"license\\" href=\\"//creativecommons.org/licenses/by-sa/4.0/\\"><img alt=\\"Creative Commons Licence\\" style=\\"border-width:0\\" src=\\"//i.creativecommons.org/l/by-sa/4.0/88x31.png\\" /></a><br />
		<span xmlns:dct=\\"http://purl.org/dc/terms/\\" property=\\"dct:title\\">DavidSabine/gatsby-starter</span> by <a xmlns:cc=\\"http://creativecommons.org/ns#\\" href=\\"//davesabine.com\\" property=\\"cc:attributionName\\" rel=\\"cc:attributionURL\\">David Sabine</a> is licensed under a <a rel=\\"license\\" href=\\"//creativecommons.org/licenses/by-sa/4.0/\\">Creative Commons Attribution-ShareAlike 4.0 International License</a>.<br />
		Based on a work at <a xmlns:dct=\\"http://purl.org/dc/terms/\\" href=\\"//github.com/DavidSabine/gatsby-starter\\" rel=\\"dct:source\\">github.com/DavidSabine/gatsby-starter</a>.
	",
      }
    }
  />
</div>
`;
