// Jest Snapshot v1, https://goo.gl/fbAQLP

exports[`AllSitePages renders correctly -- according to react-test-renderer 1`] = `
<section>
  <h2>
    Contents
  </h2>
  <nav>
    <li>
      <a
        href="/"
      >
        Home
      </a>
    </li>
    <li>
      <a
        href="/404/"
      >
        Custom 404 Error
      </a>
    </li>
    <li>
      <a
        href="/dashboard/"
      >
        Client-Only Path
      </a>
    </li>
  </nav>
</section>
`;
