// Jest Snapshot v1, https://goo.gl/fbAQLP

exports[`renders correctly with react-test-renderer 1`] = `
<div>
  <h4>
    Stripe payment tools!
  </h4>
  <p>
    The plugins are installed.  Configure with your own key and form handler.  Hint for testing: use any email address, 4242 4242 4242 4242 as the credit card nmumber, any 3 digit number, and any future date of expiration.
  </p>
</div>
`;
