// Jest Snapshot v1, https://goo.gl/fbAQLP

exports[`Checkout (v3) renders correctly with react-test-renderer 1`] = `
<div>
  <button
    data-testid="checkout-button-v3"
    disabled={false}
    onClick={[Function]}
  >
    Pay with 'Stripe Checkout (v3)'
  </button>
  <span>
    
  </span>
</div>
`;
